spark-worker-1-1     | 24/12/13 13:08:22 INFO ExecutorRunner: Runner thread for executor app-20241213130816-0000/2 interrupted
spark-worker-1-1     | 24/12/13 13:08:22 INFO ExecutorRunner: Killing process!
spark-worker-1-1     | 24/12/13 13:08:22 INFO Worker: Executor app-20241213130816-0000/2 finished with state KILLED exitStatus 143
spark-worker-1-1     | 24/12/13 13:08:22 INFO ExternalShuffleBlockResolver: Clean up non-shuffle and non-RDD files associated with the finished executor 2
spark-worker-1-1     | 24/12/13 13:08:22 INFO ExternalShuffleBlockResolver: Executor is not registered (appId=app-20241213130816-0000, execId=2)
spark-worker-1-1     | 24/12/13 13:08:22 INFO ExternalShuffleBlockResolver: Application app-20241213130816-0000 removed, cleanupLocalDirs = true
spark-worker-1-1     | 24/12/13 13:08:22 INFO Worker: Cleaning up local directories for application app-20241213130816-0000
spark-worker-2-1     | 24/12/13 13:23:01 INFO SecurityManager: Changing modify acls groups to: 
spark-worker-2-1     | 24/12/13 13:23:01 INFO SecurityManager: SecurityManager: authentication disabled; ui acls disabled; users with view permissions: spark; groups with view permissions: EMPTY; users with modify permissions: spark; groups with modify permissions: EMPTY
spark-worker-1-1     | [38;5;6mspark [38;5;5m13:22:10.78 [0m[38;5;2mINFO [0m ==> 
spark-worker-1-1     | [38;5;6mspark [38;5;5m13:22:10.78 [0m[38;5;2mINFO [0m ==> [1mWelcome to the Bitnami spark container[0m
spark-worker-1-1     | [38;5;6mspark [38;5;5m13:22:10.78 [0m[38;5;2mINFO [0m ==> Subscribe to project updates by watching [1mhttps://github.com/bitnami/containers[0m
spark-worker-1-1     | [38;5;6mspark [38;5;5m13:22:10.79 [0m[38;5;2mINFO [0m ==> Submit issues and feature requests at [1mhttps://github.com/bitnami/containers/issues[0m
spark-worker-1-1     | [38;5;6mspark [38;5;5m13:22:10.79 [0m[38;5;2mINFO [0m ==> 
spark-worker-2-1     | 24/12/13 13:23:01 INFO ExecutorRunner: Launch command: "/opt/bitnami/java/bin/java" "-cp" "/opt/bitnami/spark/conf/:/opt/bitnami/spark/jars/*" "-Xmx1024M" "-Dspark.driver.port=33895" "-Djava.net.preferIPv6Addresses=false" "-XX:+IgnoreUnrecognizedVMOptions" "--add-opens=java.base/java.lang=ALL-UNNAMED" "--add-opens=java.base/java.lang.invoke=ALL-UNNAMED" "--add-opens=java.base/java.lang.reflect=ALL-UNNAMED" "--add-opens=java.base/java.io=ALL-UNNAMED" "--add-opens=java.base/java.net=ALL-UNNAMED" "--add-opens=java.base/java.nio=ALL-UNNAMED" "--add-opens=java.base/java.util=ALL-UNNAMED" "--add-opens=java.base/java.util.concurrent=ALL-UNNAMED" "--add-opens=java.base/java.util.concurrent.atomic=ALL-UNNAMED" "--add-opens=java.base/jdk.internal.ref=ALL-UNNAMED" "--add-opens=java.base/sun.nio.ch=ALL-UNNAMED" "--add-opens=java.base/sun.nio.cs=ALL-UNNAMED" "--add-opens=java.base/sun.security.action=ALL-UNNAMED" "--add-opens=java.base/sun.util.calendar=ALL-UNNAMED" "--add-opens=java.security.jgss/sun.security.krb5=ALL-UNNAMED" "-Djdk.reflect.useDirectMethodHandle=false" "org.apache.spark.executor.CoarseGrainedExecutorBackend" "--driver-url" "spark://CoarseGrainedScheduler@e538db3bcc6c:33895" "--executor-id" "2" "--hostname" "172.18.0.9" "--cores" "10" "--app-id" "app-20241213132300-0000" "--worker-url" "spark://Worker@172.18.0.9:44609" "--resourceProfileId" "0"
spark-worker-1-1     | [38;5;6mspark [38;5;5m13:22:10.81 [0m[38;5;2mINFO [0m ==> ** Starting Spark setup **
spark-worker-1-1     | [38;5;6mspark [38;5;5m13:22:10.84 [0m[38;5;2mINFO [0m ==> Detected mounted configuration file...
spark-worker-1-1     | find: '/docker-entrypoint-initdb.d/': No such file or directory
spark-worker-1-1     | [38;5;6mspark [38;5;5m13:22:10.85 [0m[38;5;2mINFO [0m ==> No custom scripts in /docker-entrypoint-initdb.d
spark-worker-1-1     | [38;5;6mspark [38;5;5m13:22:10.85 [0m[38;5;2mINFO [0m ==> ** Spark setup finished! **
spark-worker-1-1     | 
spark-worker-2-1     | 24/12/13 13:23:04 INFO Worker: Asked to kill executor app-20241213132300-0000/2
spark-worker-2-1     | 24/12/13 13:23:04 INFO ExecutorRunner: Runner thread for executor app-20241213132300-0000/2 interrupted
spark-worker-2-1     | 24/12/13 13:23:04 INFO ExecutorRunner: Killing process!
spark-worker-2-1     | 24/12/13 13:23:04 INFO Worker: Executor app-20241213132300-0000/2 finished with state KILLED exitStatus 143
airflow-webserver-1  | /home/airflow/.local/lib/python3.12/site-packages/airflow/providers/fab/auth_manager/fab_auth_manager.py:558 FutureWarning: section/key [webserver/update_fab_perms] has been deprecated, you should use[fab/update_fab_perms] instead. Please update your `conf.get*` call to use the new name
airflow-webserver-1  | [2024-12-13 14:57:20 +0000] [15] [INFO] Starting gunicorn 23.0.0
airflow-webserver-1  | [2024-12-13T14:57:23.254+0000] {providers_manager.py:287} INFO - Optional provider feature disabled when importing 'airflow.providers.google.leveldb.hooks.leveldb.LevelDBHook' from 'apache-airflow-providers-google' package
airflow-webserver-1  | /home/airflow/.local/lib/python3.12/site-packages/snowflake/sqlalchemy/base.py:1068 SAWarning: The GenericFunction 'flatten' is already registered and is going to be overridden.
airflow-webserver-1  | [2024-12-13 14:57:24 +0000] [15] [INFO] Listening at: http://0.0.0.0:8080 (15)
spark-worker-2-1     | 24/12/13 13:23:04 INFO ExternalShuffleBlockResolver: Clean up non-shuffle and non-RDD files associated with the finished executor 2
spark-worker-2-1     | 24/12/13 13:23:04 INFO ExternalShuffleBlockResolver: Executor is not registered (appId=app-20241213132300-0000, execId=2)
spark-worker-2-1     | 24/12/13 13:23:04 INFO ExternalShuffleBlockResolver: Application app-20241213132300-0000 removed, cleanupLocalDirs = true
spark-worker-2-1     | 24/12/13 13:23:04 INFO Worker: Cleaning up local directories for application app-20241213132300-0000
spark-worker-2-1     | [38;5;6mspark [38;5;5m13:33:04.95 [0m[38;5;2mINFO [0m ==> 
spark-worker-2-1     | [38;5;6mspark [38;5;5m13:33:04.95 [0m[38;5;2mINFO [0m ==> [1mWelcome to the Bitnami spark container[0m
spark-worker-2-1     | [38;5;6mspark [38;5;5m13:33:04.96 [0m[38;5;2mINFO [0m ==> Subscribe to project updates by watching [1mhttps://github.com/bitnami/containers[0m
airflow-worker-1     | [2024-12-13 14:42:10,326: INFO/ForkPoolWorker-15] Running <TaskInstance: pipeline.download_and_unwrap manual__2024-12-13T14:42:07.082582+00:00 [queued]> on host 65b6e979e5f1
airflow-worker-1     | [2024-12-13 14:42:10,326: DEBUG/ForkPoolWorker-15] Disposing DB connection pool (PID 76)
airflow-worker-1     | [2024-12-13 14:42:10,326: DEBUG/ForkPoolWorker-15] Setting up DB connection pool (PID 76)
airflow-worker-1     | [2024-12-13 14:42:10,326: DEBUG/ForkPoolWorker-15] settings.prepare_engine_args(): Using NullPool
spark-worker-1-1     | [38;5;6mspark [38;5;5m13:22:10.87 [0m[38;5;2mINFO [0m ==> ** Starting Spark in worker mode **
spark-worker-1-1     | starting org.apache.spark.deploy.worker.Worker, logging to /opt/bitnami/spark/logs/spark--org.apache.spark.deploy.worker.Worker-1-f484bf7bba3e.out
spark-worker-1-1     | Spark Command: /opt/bitnami/java/bin/java -cp /opt/bitnami/spark/conf/:/opt/bitnami/spark/jars/* -Xmx1g org.apache.spark.deploy.worker.Worker --webui-port 8081 spark://spark-master:7077
spark-worker-1-1     | ========================================
airflow-webserver-1  | [2024-12-13 14:57:24 +0000] [15] [INFO] Using worker: sync
airflow-webserver-1  | [2024-12-13 14:57:24 +0000] [45] [INFO] Booting worker with pid: 45
airflow-webserver-1  | [2024-12-13 14:57:25 +0000] [46] [INFO] Booting worker with pid: 46
spark-worker-2-1     | [38;5;6mspark [38;5;5m13:33:04.96 [0m[38;5;2mINFO [0m ==> Submit issues and feature requests at [1mhttps://github.com/bitnami/containers/issues[0m
spark-worker-2-1     | [38;5;6mspark [38;5;5m13:33:04.96 [0m[38;5;2mINFO [0m ==> 
spark-worker-3-1     | 24/12/13 13:02:20 INFO Utils: Successfully started service 'WorkerUI' on port 8081.
spark-worker-3-1     | 24/12/13 13:02:20 INFO WorkerWebUI: Bound WorkerWebUI to 0.0.0.0, and started at http://ed56f9ca93ac:8081
spark-worker-3-1     | 24/12/13 13:02:20 INFO Worker: Connecting to master spark-master:7077...
spark-worker-3-1     | 24/12/13 13:02:20 INFO TransportClientFactory: Successfully created connection to spark-master/172.18.0.3:7077 after 31 ms (0 ms spent in bootstraps)
spark-worker-1-1     | Using Spark's default log4j profile: org/apache/spark/log4j2-defaults.properties
spark-worker-1-1     | 24/12/13 13:22:13 INFO Worker: Started daemon with process name: 33@f484bf7bba3e
spark-worker-1-1     | 24/12/13 13:22:13 INFO SignalUtils: Registering signal handler for TERM
spark-worker-1-1     | 24/12/13 13:22:13 INFO SignalUtils: Registering signal handler for HUP
spark-worker-1-1     | 24/12/13 13:22:13 INFO SignalUtils: Registering signal handler for INT
airflow-webserver-1  | [2024-12-13 14:57:25 +0000] [47] [INFO] Booting worker with pid: 47
airflow-webserver-1  | [2024-12-13 14:57:25 +0000] [48] [INFO] Booting worker with pid: 48
airflow-webserver-1  | 127.0.0.1 - - [13/Dec/2024:14:57:27 +0000] "GET /health HTTP/1.1" 200 318 "-" "curl/7.88.1"
spark-worker-1-1     | 24/12/13 13:22:13 INFO SecurityManager: Changing view acls to: spark
spark-master-1       | Using Spark's default log4j profile: org/apache/spark/log4j2-defaults.properties
spark-worker-2-1     | [38;5;6mspark [38;5;5m13:33:04.97 [0m[38;5;2mINFO [0m ==> ** Starting Spark setup **
spark-worker-2-1     | [38;5;6mspark [38;5;5m13:33:04.99 [0m[38;5;2mINFO [0m ==> Detected mounted configuration file...
spark-worker-2-1     | find: '/docker-entrypoint-initdb.d/': No such file or directory
spark-worker-2-1     | [38;5;6mspark [38;5;5m13:33:04.99 [0m[38;5;2mINFO [0m ==> No custom scripts in /docker-entrypoint-initdb.d
spark-worker-2-1     | [38;5;6mspark [38;5;5m13:33:05.00 [0m[38;5;2mINFO [0m ==> ** Spark setup finished! **
spark-worker-2-1     | 
airflow-worker-1     | [2024-12-13 14:42:15,697: DEBUG/ForkPoolWorker-15] Calling callbacks: []
airflow-worker-1     | [2024-12-13 14:42:15,734: INFO/ForkPoolWorker-15] Task airflow.providers.celery.executors.celery_executor_utils.execute_command[39e1513b-69f2-4b79-9b57-55902906e741] succeeded in 8.151043920999655s: None
spark-master-1       | 24/12/13 13:33:07 INFO Master: Started daemon with process name: 36@f9573584fb53
spark-master-1       | 24/12/13 13:33:07 INFO SignalUtils: Registering signal handler for TERM
airflow-webserver-1  | /home/airflow/.local/lib/python3.12/site-packages/airflow/www/security_manager.py:257 AirflowProviderDeprecationWarning: is_authorized_dataset will be renamed as is_authorized_asset in Airflow 3 and will be removed when the minimum Airflow version is set to 3.0 for the fab provider
airflow-webserver-1  | 172.18.0.1 - - [13/Dec/2024:14:57:40 +0000] "GET /dags/pipeline/grid?dag_run_id=manual__2024-12-13T14%3A42%3A07.082582%2B00%3A00&tab=details&task_id=train_and_predict HTTP/1.1" 200 9340 "http://localhost:8080/dags/pipeline/grid?dag_run_id=manual__2024-12-13T14%3A05%3A42.971044%2B00%3A00&tab=logs&task_id=train_and_predict" "Mozilla/5.0 (Macintosh; Intel Mac OS X 10_15_7) AppleWebKit/537.36 (KHTML, like Gecko) Chrome/126.0.0.0 YaBrowser/24.7.0.0 Safari/537.36"
spark-worker-3-1     | 24/12/13 13:02:20 INFO Worker: Successfully registered with master spark://f9573584fb53:7077
spark-worker-3-1     | 24/12/13 13:03:23 INFO Worker: Asked to launch executor app-20241213130322-0000/1 for MyAwesomeSpark
spark-worker-3-1     | 24/12/13 13:03:23 INFO SecurityManager: Changing view acls to: spark
spark-worker-3-1     | 24/12/13 13:03:23 INFO SecurityManager: Changing modify acls to: spark
spark-worker-3-1     | 24/12/13 13:03:23 INFO SecurityManager: Changing view acls groups to: 
spark-worker-3-1     | 24/12/13 13:03:23 INFO SecurityManager: Changing modify acls groups to: 
spark-worker-3-1     | 24/12/13 13:03:23 INFO SecurityManager: SecurityManager: authentication disabled; ui acls disabled; users with view permissions: spark; groups with view permissions: EMPTY; users with modify permissions: spark; groups with modify permissions: EMPTY
spark-worker-3-1     | 24/12/13 13:03:23 INFO ExecutorRunner: Launch command: "/opt/bitnami/java/bin/java" "-cp" "/opt/bitnami/spark/conf/:/opt/bitnami/spark/jars/*" "-Xmx1024M" "-Dspark.driver.port=38277" "-Djava.net.preferIPv6Addresses=false" "-XX:+IgnoreUnrecognizedVMOptions" "--add-opens=java.base/java.lang=ALL-UNNAMED" "--add-opens=java.base/java.lang.invoke=ALL-UNNAMED" "--add-opens=java.base/java.lang.reflect=ALL-UNNAMED" "--add-opens=java.base/java.io=ALL-UNNAMED" "--add-opens=java.base/java.net=ALL-UNNAMED" "--add-opens=java.base/java.nio=ALL-UNNAMED" "--add-opens=java.base/java.util=ALL-UNNAMED" "--add-opens=java.base/java.util.concurrent=ALL-UNNAMED" "--add-opens=java.base/java.util.concurrent.atomic=ALL-UNNAMED" "--add-opens=java.base/jdk.internal.ref=ALL-UNNAMED" "--add-opens=java.base/sun.nio.ch=ALL-UNNAMED" "--add-opens=java.base/sun.nio.cs=ALL-UNNAMED" "--add-opens=java.base/sun.security.action=ALL-UNNAMED" "--add-opens=java.base/sun.util.calendar=ALL-UNNAMED" "--add-opens=java.security.jgss/sun.security.krb5=ALL-UNNAMED" "-Djdk.reflect.useDirectMethodHandle=false" "org.apache.spark.executor.CoarseGrainedExecutorBackend" "--driver-url" "spark://CoarseGrainedScheduler@e6bc8ed3f281:38277" "--executor-id" "1" "--hostname" "172.18.0.8" "--cores" "10" "--app-id" "app-20241213130322-0000" "--worker-url" "spark://Worker@172.18.0.8:45079" "--resourceProfileId" "0"
spark-worker-3-1     | 24/12/13 13:03:25 INFO Worker: Asked to kill executor app-20241213130322-0000/1
spark-worker-3-1     | 24/12/13 13:03:25 INFO ExecutorRunner: Runner thread for executor app-20241213130322-0000/1 interrupted
spark-worker-3-1     | 24/12/13 13:03:25 INFO ExecutorRunner: Killing process!
spark-worker-3-1     | 24/12/13 13:03:25 INFO Worker: Executor app-20241213130322-0000/1 finished with state KILLED exitStatus 143
spark-worker-3-1     | 24/12/13 13:03:25 INFO ExternalShuffleBlockResolver: Clean up non-shuffle and non-RDD files associated with the finished executor 1
spark-worker-3-1     | 24/12/13 13:03:25 INFO ExternalShuffleBlockResolver: Executor is not registered (appId=app-20241213130322-0000, execId=1)
spark-worker-3-1     | 24/12/13 13:03:25 INFO ExternalShuffleBlockResolver: Application app-20241213130322-0000 removed, cleanupLocalDirs = true
spark-worker-3-1     | 24/12/13 13:03:25 INFO Worker: Cleaning up local directories for application app-20241213130322-0000
spark-worker-3-1     | [38;5;6mspark [38;5;5m13:07:15.98 [0m[38;5;2mINFO [0m ==> 
spark-worker-3-1     | [38;5;6mspark [38;5;5m13:07:15.98 [0m[38;5;2mINFO [0m ==> [1mWelcome to the Bitnami spark container[0m
spark-worker-3-1     | [38;5;6mspark [38;5;5m13:07:15.98 [0m[38;5;2mINFO [0m ==> Subscribe to project updates by watching [1mhttps://github.com/bitnami/containers[0m
spark-worker-3-1     | [38;5;6mspark [38;5;5m13:07:15.99 [0m[38;5;2mINFO [0m ==> Submit issues and feature requests at [1mhttps://github.com/bitnami/containers/issues[0m
spark-worker-3-1     | [38;5;6mspark [38;5;5m13:07:15.99 [0m[38;5;2mINFO [0m ==> 
spark-worker-3-1     | [38;5;6mspark [38;5;5m13:07:16.00 [0m[38;5;2mINFO [0m ==> ** Starting Spark setup **
airflow-worker-1     | [2024-12-13 14:42:16,229: INFO/MainProcess] Task airflow.providers.celery.executors.celery_executor_utils.execute_command[6789a300-d913-4a6d-aee0-508369a38049] received
spark-worker-3-1     | [38;5;6mspark [38;5;5m13:07:16.02 [0m[38;5;2mINFO [0m ==> Detected mounted configuration file...
spark-worker-1-1     | 24/12/13 13:22:13 INFO SecurityManager: Changing modify acls to: spark
spark-worker-1-1     | 24/12/13 13:22:13 INFO SecurityManager: Changing view acls groups to: 
spark-worker-1-1     | 24/12/13 13:22:13 INFO SecurityManager: Changing modify acls groups to: 
spark-master-1       | 24/12/13 13:33:07 INFO SignalUtils: Registering signal handler for HUP
spark-master-1       | 24/12/13 13:33:07 INFO SignalUtils: Registering signal handler for INT
spark-worker-1-1     | 24/12/13 13:22:13 INFO SecurityManager: SecurityManager: authentication disabled; ui acls disabled; users with view permissions: spark; groups with view permissions: EMPTY; users with modify permissions: spark; groups with modify permissions: EMPTY
spark-worker-1-1     | 24/12/13 13:22:14 WARN NativeCodeLoader: Unable to load native-hadoop library for your platform... using builtin-java classes where applicable
spark-worker-1-1     | 24/12/13 13:22:14 INFO Utils: Successfully started service 'sparkWorker' on port 43299.
spark-worker-1-1     | 24/12/13 13:22:14 INFO Worker: Worker decommissioning not enabled.
spark-worker-3-1     | find: '/docker-entrypoint-initdb.d/': No such file or directory
spark-worker-3-1     | [38;5;6mspark [38;5;5m13:07:16.02 [0m[38;5;2mINFO [0m ==> No custom scripts in /docker-entrypoint-initdb.d
spark-worker-3-1     | [38;5;6mspark [38;5;5m13:07:16.03 [0m[38;5;2mINFO [0m ==> ** Spark setup finished! **
spark-worker-3-1     | 
spark-worker-3-1     | [38;5;6mspark [38;5;5m13:07:16.06 [0m[38;5;2mINFO [0m ==> ** Starting Spark in worker mode **
spark-master-1       | 24/12/13 13:33:07 INFO SecurityManager: Changing view acls to: spark
spark-master-1       | 24/12/13 13:33:07 INFO SecurityManager: Changing modify acls to: spark
spark-master-1       | 24/12/13 13:33:07 INFO SecurityManager: Changing view acls groups to: 
spark-master-1       | 24/12/13 13:33:07 INFO SecurityManager: Changing modify acls groups to: 
spark-master-1       | 24/12/13 13:33:07 INFO SecurityManager: SecurityManager: authentication disabled; ui acls disabled; users with view permissions: spark; groups with view permissions: EMPTY; users with modify permissions: spark; groups with modify permissions: EMPTY
spark-master-1       | 24/12/13 13:33:07 WARN NativeCodeLoader: Unable to load native-hadoop library for your platform... using builtin-java classes where applicable
spark-master-1       | 24/12/13 13:33:08 INFO Utils: Successfully started service 'sparkMaster' on port 7077.
spark-master-1       | 24/12/13 13:33:08 INFO Master: Starting Spark master at spark://f9573584fb53:7077
spark-master-1       | 24/12/13 13:33:08 INFO Master: Running Spark version 3.5.0
spark-master-1       | 24/12/13 13:33:08 INFO JettyUtils: Start Jetty 0.0.0.0:9080 for MasterUI
airflow-worker-1     | [2024-12-13 14:42:16,238: INFO/ForkPoolWorker-15] [6789a300-d913-4a6d-aee0-508369a38049] Executing command in Celery: ['airflow', 'tasks', 'run', 'pipeline', 'split', 'manual__2024-12-13T14:42:07.082582+00:00', '--local', '--subdir', 'DAGS_FOLDER/pipeline.py']
airflow-worker-1     | [2024-12-13 14:42:16,520: INFO/ForkPoolWorker-15] Filling up the DagBag from /opt/airflow/dags/pipeline.py
spark-worker-2-1     | [38;5;6mspark [38;5;5m13:33:05.01 [0m[38;5;2mINFO [0m ==> ** Starting Spark in worker mode **
spark-worker-2-1     | starting org.apache.spark.deploy.worker.Worker, logging to /opt/bitnami/spark/logs/spark--org.apache.spark.deploy.worker.Worker-1-e92f47d0559d.out
spark-worker-2-1     | Spark Command: /opt/bitnami/java/bin/java -cp /opt/bitnami/spark/conf/:/opt/bitnami/spark/jars/* -Xmx1g org.apache.spark.deploy.worker.Worker --webui-port 8081 spark://spark-master:7077
spark-worker-2-1     | ========================================
spark-worker-2-1     | Using Spark's default log4j profile: org/apache/spark/log4j2-defaults.properties
spark-worker-2-1     | 24/12/13 13:33:07 INFO Worker: Started daemon with process name: 34@e92f47d0559d
spark-master-1       | 24/12/13 13:33:08 INFO Utils: Successfully started service 'MasterUI' on port 9080.
spark-worker-2-1     | 24/12/13 13:33:07 INFO SignalUtils: Registering signal handler for TERM
spark-worker-2-1     | 24/12/13 13:33:07 INFO SignalUtils: Registering signal handler for HUP
spark-worker-2-1     | 24/12/13 13:33:07 INFO SignalUtils: Registering signal handler for INT
spark-worker-2-1     | 24/12/13 13:33:07 INFO SecurityManager: Changing view acls to: spark
spark-worker-2-1     | 24/12/13 13:33:07 INFO SecurityManager: Changing modify acls to: spark
spark-worker-3-1     | starting org.apache.spark.deploy.worker.Worker, logging to /opt/bitnami/spark/logs/spark--org.apache.spark.deploy.worker.Worker-1-ed56f9ca93ac.out
spark-worker-3-1     | Spark Command: /opt/bitnami/java/bin/java -cp /opt/bitnami/spark/conf/:/opt/bitnami/spark/jars/* -Xmx1g org.apache.spark.deploy.worker.Worker --webui-port 8081 spark://spark-master:7077
spark-worker-3-1     | ========================================
airflow-worker-1     | [2024-12-13 14:42:16,784: DEBUG/ForkPoolWorker-15] Loaded DAG <DAG: pipeline>
spark-worker-3-1     | Using Spark's default log4j profile: org/apache/spark/log4j2-defaults.properties
spark-worker-3-1     | 24/12/13 13:07:17 INFO Worker: Started daemon with process name: 33@ed56f9ca93ac
spark-worker-3-1     | 24/12/13 13:07:17 INFO SignalUtils: Registering signal handler for TERM
spark-master-1       | 24/12/13 13:33:08 INFO MasterWebUI: Bound MasterWebUI to 0.0.0.0, and started at http://f9573584fb53:9080
spark-master-1       | 24/12/13 13:33:08 INFO Master: I have been elected leader! New state: ALIVE
spark-master-1       | 24/12/13 13:33:09 INFO Master: Registering worker 172.18.0.8:39467 with 10 cores, 2.0 GiB RAM
spark-master-1       | 24/12/13 13:33:09 INFO Master: Registering worker 172.18.0.6:42369 with 10 cores, 2.0 GiB RAM
airflow-webserver-1  | /home/airflow/.local/lib/python3.12/site-packages/airflow/www/auth.py:291 AirflowProviderDeprecationWarning: is_authorized_dataset will be renamed as is_authorized_asset in Airflow 3 and will be removed when the minimum Airflow version is set to 3.0 for the fab provider
airflow-webserver-1  | 172.18.0.1 - - [13/Dec/2024:14:57:40 +0000] "GET /object/next_run_datasets/pipeline HTTP/1.1" 200 39 "http://localhost:8080/dags/pipeline/grid?dag_run_id=manual__2024-12-13T14%3A42%3A07.082582%2B00%3A00&tab=details&task_id=train_and_predict" "Mozilla/5.0 (Macintosh; Intel Mac OS X 10_15_7) AppleWebKit/537.36 (KHTML, like Gecko) Chrome/126.0.0.0 YaBrowser/24.7.0.0 Safari/537.36"
airflow-webserver-1  | 172.18.0.1 - - [13/Dec/2024:14:57:40 +0000] "GET /object/grid_data?dag_id=pipeline&num_runs=25 HTTP/1.1" 200 40838 "http://localhost:8080/dags/pipeline/grid?dag_run_id=manual__2024-12-13T14%3A42%3A07.082582%2B00%3A00&tab=details&task_id=train_and_predict" "Mozilla/5.0 (Macintosh; Intel Mac OS X 10_15_7) AppleWebKit/537.36 (KHTML, like Gecko) Chrome/126.0.0.0 YaBrowser/24.7.0.0 Safari/537.36"
airflow-worker-1     | [2024-12-13 14:42:16,784: DEBUG/ForkPoolWorker-15] Importing /home/airflow/.local/lib/python3.12/site-packages/airflow/example_dags/example_xcomargs.py
airflow-webserver-1  | 172.18.0.1 - - [13/Dec/2024:14:57:40 +0000] "GET /api/v1/dags/pipeline/dagRuns/manual__2024-12-13T14:42:07.082582+00:00/taskInstances/train_and_predict/dependencies HTTP/1.1" 200 25 "http://localhost:8080/dags/pipeline/grid?dag_run_id=manual__2024-12-13T14%3A42%3A07.082582%2B00%3A00&tab=details&task_id=train_and_predict" "Mozilla/5.0 (Macintosh; Intel Mac OS X 10_15_7) AppleWebKit/537.36 (KHTML, like Gecko) Chrome/126.0.0.0 YaBrowser/24.7.0.0 Safari/537.36"
airflow-webserver-1  | 172.18.0.1 - - [13/Dec/2024:14:57:40 +0000] "GET /api/v1/dags/pipeline/dagRuns/manual__2024-12-13T14:42:07.082582+00:00/taskInstances/train_and_predict HTTP/1.1" 200 921 "http://localhost:8080/dags/pipeline/grid?dag_run_id=manual__2024-12-13T14%3A42%3A07.082582%2B00%3A00&tab=details&task_id=train_and_predict" "Mozilla/5.0 (Macintosh; Intel Mac OS X 10_15_7) AppleWebKit/537.36 (KHTML, like Gecko) Chrome/126.0.0.0 YaBrowser/24.7.0.0 Safari/537.36"
airflow-webserver-1  | 172.18.0.1 - - [13/Dec/2024:14:57:40 +0000] "GET /api/v1/dags/pipeline/tasks/train_and_predict HTTP/1.1" 200 957 "http://localhost:8080/dags/pipeline/grid?dag_run_id=manual__2024-12-13T14%3A42%3A07.082582%2B00%3A00&tab=details&task_id=train_and_predict" "Mozilla/5.0 (Macintosh; Intel Mac OS X 10_15_7) AppleWebKit/537.36 (KHTML, like Gecko) Chrome/126.0.0.0 YaBrowser/24.7.0.0 Safari/537.36"
airflow-webserver-1  | 127.0.0.1 - - [13/Dec/2024:14:57:57 +0000] "GET /health HTTP/1.1" 200 318 "-" "curl/7.88.1"
airflow-webserver-1  | 172.18.0.1 - - [13/Dec/2024:14:58:11 +0000] "POST /dags/pipeline/trigger?origin=%2Fdags%2Fpipeline%2Fgrid%3Fdag_run_id%3Dmanual__2024-12-13T14%253A42%253A07.082582%252B00%253A00%26tab%3Ddetails%26task_id%3Dtrain_and_predict HTTP/1.1" 302 479 "http://localhost:8080/dags/pipeline/grid?dag_run_id=manual__2024-12-13T14%3A42%3A07.082582%2B00%3A00&tab=details&task_id=train_and_predict" "Mozilla/5.0 (Macintosh; Intel Mac OS X 10_15_7) AppleWebKit/537.36 (KHTML, like Gecko) Chrome/126.0.0.0 YaBrowser/24.7.0.0 Safari/537.36"
airflow-webserver-1  | /home/airflow/.local/lib/python3.12/site-packages/airflow/www/security_manager.py:257 AirflowProviderDeprecationWarning: is_authorized_dataset will be renamed as is_authorized_asset in Airflow 3 and will be removed when the minimum Airflow version is set to 3.0 for the fab provider
airflow-webserver-1  | 172.18.0.1 - - [13/Dec/2024:14:58:11 +0000] "GET /dags/pipeline/grid?dag_run_id=manual__2024-12-13T14%3A58%3A11.753084%2B00%3A00&tab=details&task_id=train_and_predict HTTP/1.1" 200 9420 "http://localhost:8080/dags/pipeline/grid?dag_run_id=manual__2024-12-13T14%3A42%3A07.082582%2B00%3A00&tab=details&task_id=train_and_predict" "Mozilla/5.0 (Macintosh; Intel Mac OS X 10_15_7) AppleWebKit/537.36 (KHTML, like Gecko) Chrome/126.0.0.0 YaBrowser/24.7.0.0 Safari/537.36"
airflow-webserver-1  | /home/airflow/.local/lib/python3.12/site-packages/airflow/www/auth.py:291 AirflowProviderDeprecationWarning: is_authorized_dataset will be renamed as is_authorized_asset in Airflow 3 and will be removed when the minimum Airflow version is set to 3.0 for the fab provider
spark-worker-1-1     | 24/12/13 13:22:14 INFO Worker: Starting Spark worker 172.18.0.6:43299 with 10 cores, 2.0 GiB RAM
spark-worker-1-1     | 24/12/13 13:22:14 INFO Worker: Running Spark version 3.5.0
spark-worker-1-1     | 24/12/13 13:22:14 INFO Worker: Spark home: /opt/bitnami/spark
spark-master-1       | 24/12/13 13:33:09 INFO Master: Registering worker 172.18.0.7:41621 with 10 cores, 2.0 GiB RAM
spark-master-1       | 24/12/13 13:33:53 INFO Master: Registering app MyAwesomeSpark
airflow-worker-1     | [2024-12-13 14:42:16,791: DEBUG/ForkPoolWorker-15] Loaded DAG <DAG: example_xcom_args>
airflow-worker-1     | [2024-12-13 14:42:16,791: DEBUG/ForkPoolWorker-15] Loaded DAG <DAG: example_xcom_args_with_operators>
airflow-worker-1     | [2024-12-13 14:42:16,792: DEBUG/ForkPoolWorker-15] Importing /home/airflow/.local/lib/python3.12/site-packages/airflow/example_dags/example_sensors.py
airflow-worker-1     | [2024-12-13 14:42:16,795: DEBUG/ForkPoolWorker-15] Loaded DAG <DAG: example_sensors>
airflow-worker-1     | [2024-12-13 14:42:16,795: DEBUG/ForkPoolWorker-15] Importing /home/airflow/.local/lib/python3.12/site-packages/airflow/example_dags/example_latest_only_with_trigger.py
spark-worker-1-1     | 24/12/13 13:22:14 INFO ResourceUtils: ==============================================================
spark-worker-1-1     | 24/12/13 13:22:14 INFO ResourceUtils: No custom resources configured for spark.worker.
spark-worker-1-1     | 24/12/13 13:22:14 INFO ResourceUtils: ==============================================================
spark-worker-1-1     | 24/12/13 13:22:14 INFO JettyUtils: Start Jetty 0.0.0.0:8081 for WorkerUI
spark-worker-1-1     | 24/12/13 13:22:14 INFO Utils: Successfully started service 'WorkerUI' on port 8081.
spark-worker-3-1     | 24/12/13 13:07:17 INFO SignalUtils: Registering signal handler for HUP
spark-worker-3-1     | 24/12/13 13:07:17 INFO SignalUtils: Registering signal handler for INT
spark-worker-3-1     | 24/12/13 13:07:17 INFO SecurityManager: Changing view acls to: spark
spark-worker-3-1     | 24/12/13 13:07:17 INFO SecurityManager: Changing modify acls to: spark
spark-worker-3-1     | 24/12/13 13:07:17 INFO SecurityManager: Changing view acls groups to: 
spark-worker-1-1     | 24/12/13 13:22:14 INFO WorkerWebUI: Bound WorkerWebUI to 0.0.0.0, and started at http://f484bf7bba3e:8081
spark-worker-1-1     | 24/12/13 13:22:14 INFO Worker: Connecting to master spark-master:7077...
spark-worker-1-1     | 24/12/13 13:22:15 INFO TransportClientFactory: Successfully created connection to spark-master/172.18.0.2:7077 after 59 ms (0 ms spent in bootstraps)
spark-worker-1-1     | 24/12/13 13:22:15 INFO Worker: Successfully registered with master spark://f9573584fb53:7077
spark-worker-1-1     | 24/12/13 13:23:01 INFO Worker: Asked to launch executor app-20241213132300-0000/0 for MyAwesomeSpark
spark-worker-1-1     | 24/12/13 13:23:01 INFO SecurityManager: Changing view acls to: spark
spark-worker-1-1     | 24/12/13 13:23:01 INFO SecurityManager: Changing modify acls to: spark
spark-worker-1-1     | 24/12/13 13:23:01 INFO SecurityManager: Changing view acls groups to: 
spark-worker-1-1     | 24/12/13 13:23:01 INFO SecurityManager: Changing modify acls groups to: 
spark-worker-1-1     | 24/12/13 13:23:01 INFO SecurityManager: SecurityManager: authentication disabled; ui acls disabled; users with view permissions: spark; groups with view permissions: EMPTY; users with modify permissions: spark; groups with modify permissions: EMPTY
spark-worker-2-1     | 24/12/13 13:33:07 INFO SecurityManager: Changing view acls groups to: 
spark-worker-2-1     | 24/12/13 13:33:07 INFO SecurityManager: Changing modify acls groups to: 
spark-worker-2-1     | 24/12/13 13:33:07 INFO SecurityManager: SecurityManager: authentication disabled; ui acls disabled; users with view permissions: spark; groups with view permissions: EMPTY; users with modify permissions: spark; groups with modify permissions: EMPTY
spark-worker-2-1     | 24/12/13 13:33:07 WARN NativeCodeLoader: Unable to load native-hadoop library for your platform... using builtin-java classes where applicable
spark-worker-2-1     | 24/12/13 13:33:08 INFO Utils: Successfully started service 'sparkWorker' on port 42369.
spark-worker-2-1     | 24/12/13 13:33:08 INFO Worker: Worker decommissioning not enabled.
spark-worker-2-1     | 24/12/13 13:33:08 INFO Worker: Starting Spark worker 172.18.0.6:42369 with 10 cores, 2.0 GiB RAM
spark-worker-2-1     | 24/12/13 13:33:08 INFO Worker: Running Spark version 3.5.0
spark-worker-3-1     | 24/12/13 13:07:17 INFO SecurityManager: Changing modify acls groups to: 
spark-worker-3-1     | 24/12/13 13:07:17 INFO SecurityManager: SecurityManager: authentication disabled; ui acls disabled; users with view permissions: spark; groups with view permissions: EMPTY; users with modify permissions: spark; groups with modify permissions: EMPTY
spark-worker-1-1     | 24/12/13 13:23:01 INFO ExecutorRunner: Launch command: "/opt/bitnami/java/bin/java" "-cp" "/opt/bitnami/spark/conf/:/opt/bitnami/spark/jars/*" "-Xmx1024M" "-Dspark.driver.port=33895" "-Djava.net.preferIPv6Addresses=false" "-XX:+IgnoreUnrecognizedVMOptions" "--add-opens=java.base/java.lang=ALL-UNNAMED" "--add-opens=java.base/java.lang.invoke=ALL-UNNAMED" "--add-opens=java.base/java.lang.reflect=ALL-UNNAMED" "--add-opens=java.base/java.io=ALL-UNNAMED" "--add-opens=java.base/java.net=ALL-UNNAMED" "--add-opens=java.base/java.nio=ALL-UNNAMED" "--add-opens=java.base/java.util=ALL-UNNAMED" "--add-opens=java.base/java.util.concurrent=ALL-UNNAMED" "--add-opens=java.base/java.util.concurrent.atomic=ALL-UNNAMED" "--add-opens=java.base/jdk.internal.ref=ALL-UNNAMED" "--add-opens=java.base/sun.nio.ch=ALL-UNNAMED" "--add-opens=java.base/sun.nio.cs=ALL-UNNAMED" "--add-opens=java.base/sun.security.action=ALL-UNNAMED" "--add-opens=java.base/sun.util.calendar=ALL-UNNAMED" "--add-opens=java.security.jgss/sun.security.krb5=ALL-UNNAMED" "-Djdk.reflect.useDirectMethodHandle=false" "org.apache.spark.executor.CoarseGrainedExecutorBackend" "--driver-url" "spark://CoarseGrainedScheduler@e538db3bcc6c:33895" "--executor-id" "0" "--hostname" "172.18.0.6" "--cores" "10" "--app-id" "app-20241213132300-0000" "--worker-url" "spark://Worker@172.18.0.6:43299" "--resourceProfileId" "0"
spark-worker-1-1     | 24/12/13 13:23:04 INFO Worker: Asked to kill executor app-20241213132300-0000/0
spark-worker-2-1     | 24/12/13 13:33:08 INFO Worker: Spark home: /opt/bitnami/spark
spark-worker-2-1     | 24/12/13 13:33:08 INFO ResourceUtils: ==============================================================
spark-master-1       | 24/12/13 13:33:53 INFO Master: Registered app MyAwesomeSpark with ID app-20241213133353-0000
spark-master-1       | 24/12/13 13:33:53 INFO Master: Start scheduling for app app-20241213133353-0000 with rpId: 0
spark-master-1       | 24/12/13 13:33:53 INFO Master: Launching executor app-20241213133353-0000/0 on worker worker-20241213133308-172.18.0.8-39467
spark-master-1       | 24/12/13 13:33:53 INFO Master: Launching executor app-20241213133353-0000/1 on worker worker-20241213133308-172.18.0.6-42369
spark-master-1       | 24/12/13 13:33:53 INFO Master: Launching executor app-20241213133353-0000/2 on worker worker-20241213133308-172.18.0.7-41621
airflow-webserver-1  | 172.18.0.1 - - [13/Dec/2024:14:58:12 +0000] "GET /object/next_run_datasets/pipeline HTTP/1.1" 200 39 "http://localhost:8080/dags/pipeline/grid?dag_run_id=manual__2024-12-13T14%3A58%3A11.753084%2B00%3A00&tab=details&task_id=train_and_predict" "Mozilla/5.0 (Macintosh; Intel Mac OS X 10_15_7) AppleWebKit/537.36 (KHTML, like Gecko) Chrome/126.0.0.0 YaBrowser/24.7.0.0 Safari/537.36"
airflow-webserver-1  | 172.18.0.1 - - [13/Dec/2024:14:58:12 +0000] "GET /object/grid_data?dag_id=pipeline&num_runs=25 HTTP/1.1" 200 40413 "http://localhost:8080/dags/pipeline/grid?dag_run_id=manual__2024-12-13T14%3A58%3A11.753084%2B00%3A00&tab=details&task_id=train_and_predict" "Mozilla/5.0 (Macintosh; Intel Mac OS X 10_15_7) AppleWebKit/537.36 (KHTML, like Gecko) Chrome/126.0.0.0 YaBrowser/24.7.0.0 Safari/537.36"
airflow-webserver-1  | 172.18.0.1 - - [13/Dec/2024:14:58:12 +0000] "GET /api/v1/dags/pipeline/tasks/train_and_predict HTTP/1.1" 200 957 "http://localhost:8080/dags/pipeline/grid?dag_run_id=manual__2024-12-13T14%3A58%3A11.753084%2B00%3A00&tab=details&task_id=train_and_predict" "Mozilla/5.0 (Macintosh; Intel Mac OS X 10_15_7) AppleWebKit/537.36 (KHTML, like Gecko) Chrome/126.0.0.0 YaBrowser/24.7.0.0 Safari/537.36"
airflow-worker-1     | [2024-12-13 14:42:16,797: DEBUG/ForkPoolWorker-15] Loaded DAG <DAG: latest_only_with_trigger>
airflow-worker-1     | [2024-12-13 14:42:16,797: DEBUG/ForkPoolWorker-15] Importing /home/airflow/.local/lib/python3.12/site-packages/airflow/example_dags/example_local_kubernetes_executor.py
airflow-worker-1     | [2024-12-13 14:42:16,799: DEBUG/ForkPoolWorker-15] Loaded DAG <DAG: example_local_kubernetes_executor>
airflow-worker-1     | [2024-12-13 14:42:16,799: DEBUG/ForkPoolWorker-15] Importing /home/airflow/.local/lib/python3.12/site-packages/airflow/example_dags/example_nested_branch_dag.py
airflow-worker-1     | [2024-12-13 14:42:16,800: DEBUG/ForkPoolWorker-15] Failed to find locale C
airflow-webserver-1  | 172.18.0.1 - - [13/Dec/2024:14:58:12 +0000] "GET /api/v1/dags/pipeline/dagRuns/manual__2024-12-13T14:58:11.753084+00:00/taskInstances/train_and_predict HTTP/1.1" 200 742 "http://localhost:8080/dags/pipeline/grid?dag_run_id=manual__2024-12-13T14%3A58%3A11.753084%2B00%3A00&tab=details&task_id=train_and_predict" "Mozilla/5.0 (Macintosh; Intel Mac OS X 10_15_7) AppleWebKit/537.36 (KHTML, like Gecko) Chrome/126.0.0.0 YaBrowser/24.7.0.0 Safari/537.36"
airflow-webserver-1  | 172.18.0.1 - - [13/Dec/2024:14:58:12 +0000] "GET /api/v1/dags/pipeline/dagRuns/manual__2024-12-13T14:58:11.753084+00:00/taskInstances/train_and_predict/dependencies HTTP/1.1" 200 616 "http://localhost:8080/dags/pipeline/grid?dag_run_id=manual__2024-12-13T14%3A58%3A11.753084%2B00%3A00&tab=details&task_id=train_and_predict" "Mozilla/5.0 (Macintosh; Intel Mac OS X 10_15_7) AppleWebKit/537.36 (KHTML, like Gecko) Chrome/126.0.0.0 YaBrowser/24.7.0.0 Safari/537.36"
spark-worker-3-1     | 24/12/13 13:07:18 WARN NativeCodeLoader: Unable to load native-hadoop library for your platform... using builtin-java classes where applicable
spark-worker-3-1     | 24/12/13 13:07:18 INFO Utils: Successfully started service 'sparkWorker' on port 42905.
spark-worker-3-1     | 24/12/13 13:07:18 INFO Worker: Worker decommissioning not enabled.
spark-worker-3-1     | 24/12/13 13:07:19 INFO Worker: Starting Spark worker 172.18.0.7:42905 with 10 cores, 2.0 GiB RAM
spark-worker-3-1     | 24/12/13 13:07:19 INFO Worker: Running Spark version 3.5.0
spark-worker-1-1     | 24/12/13 13:23:04 INFO ExecutorRunner: Runner thread for executor app-20241213132300-0000/0 interrupted
spark-worker-1-1     | 24/12/13 13:23:04 INFO ExecutorRunner: Killing process!
spark-worker-1-1     | 24/12/13 13:23:04 INFO Worker: Executor app-20241213132300-0000/0 finished with state KILLED exitStatus 143
spark-worker-1-1     | 24/12/13 13:23:04 INFO ExternalShuffleBlockResolver: Clean up non-shuffle and non-RDD files associated with the finished executor 0
spark-worker-1-1     | 24/12/13 13:23:04 INFO ExternalShuffleBlockResolver: Executor is not registered (appId=app-20241213132300-0000, execId=0)
spark-worker-2-1     | 24/12/13 13:33:08 INFO ResourceUtils: No custom resources configured for spark.worker.
spark-worker-2-1     | 24/12/13 13:33:08 INFO ResourceUtils: ==============================================================
spark-worker-2-1     | 24/12/13 13:33:08 INFO JettyUtils: Start Jetty 0.0.0.0:8081 for WorkerUI
spark-worker-2-1     | 24/12/13 13:33:08 INFO Utils: Successfully started service 'WorkerUI' on port 8081.
airflow-worker-1     | [2024-12-13 14:42:16,800: DEBUG/ForkPoolWorker-15] Attempting to load en_US as fallback
airflow-worker-1     | [2024-12-13 14:42:16,800: DEBUG/ForkPoolWorker-15] /home/airflow/.local/lib/python3.12/site-packages/cron_descriptor/locale/en_US.mo Loaded
airflow-worker-1     | [2024-12-13 14:42:16,801: DEBUG/ForkPoolWorker-15] Failed to find locale C
airflow-worker-1     | [2024-12-13 14:42:16,801: DEBUG/ForkPoolWorker-15] Attempting to load en_US as fallback
spark-worker-2-1     | 24/12/13 13:33:08 INFO WorkerWebUI: Bound WorkerWebUI to 0.0.0.0, and started at http://e92f47d0559d:8081
spark-worker-2-1     | 24/12/13 13:33:08 INFO Worker: Connecting to master spark-master:7077...
spark-worker-2-1     | 24/12/13 13:33:08 INFO TransportClientFactory: Successfully created connection to spark-master/172.18.0.5:7077 after 57 ms (0 ms spent in bootstraps)
spark-master-1       | 24/12/13 13:33:53 INFO Master: Start scheduling for app app-20241213133353-0000 with rpId: 0
spark-master-1       | 24/12/13 13:33:53 INFO Master: Start scheduling for app app-20241213133353-0000 with rpId: 0
spark-master-1       | 24/12/13 13:33:53 INFO Master: Start scheduling for app app-20241213133353-0000 with rpId: 0
spark-master-1       | 24/12/13 13:33:57 INFO Master: Received unregister request from application app-20241213133353-0000
spark-worker-3-1     | 24/12/13 13:07:19 INFO Worker: Spark home: /opt/bitnami/spark
spark-worker-3-1     | 24/12/13 13:07:19 INFO ResourceUtils: ==============================================================
spark-worker-3-1     | 24/12/13 13:07:19 INFO ResourceUtils: No custom resources configured for spark.worker.
airflow-worker-1     | [2024-12-13 14:42:16,801: DEBUG/ForkPoolWorker-15] /home/airflow/.local/lib/python3.12/site-packages/cron_descriptor/locale/en_US.mo Loaded
airflow-worker-1     | [2024-12-13 14:42:16,802: DEBUG/ForkPoolWorker-15] Loaded DAG <DAG: example_nested_branch_dag>
airflow-webserver-1  | 172.18.0.1 - - [13/Dec/2024:14:58:15 +0000] "GET /object/grid_data?dag_id=pipeline&num_runs=25 HTTP/1.1" 200 40539 "http://localhost:8080/dags/pipeline/grid?dag_run_id=manual__2024-12-13T14%3A58%3A11.753084%2B00%3A00&tab=details&task_id=train_and_predict" "Mozilla/5.0 (Macintosh; Intel Mac OS X 10_15_7) AppleWebKit/537.36 (KHTML, like Gecko) Chrome/126.0.0.0 YaBrowser/24.7.0.0 Safari/537.36"
airflow-webserver-1  | 172.18.0.1 - - [13/Dec/2024:14:58:15 +0000] "GET /api/v1/dags/pipeline/dagRuns/manual__2024-12-13T14:58:11.753084+00:00/taskInstances/train_and_predict HTTP/1.1" 200 742 "http://localhost:8080/dags/pipeline/grid?dag_run_id=manual__2024-12-13T14%3A58%3A11.753084%2B00%3A00&tab=details&task_id=train_and_predict" "Mozilla/5.0 (Macintosh; Intel Mac OS X 10_15_7) AppleWebKit/537.36 (KHTML, like Gecko) Chrome/126.0.0.0 YaBrowser/24.7.0.0 Safari/537.36"
airflow-webserver-1  | 172.18.0.1 - - [13/Dec/2024:14:58:15 +0000] "GET /api/v1/dags/pipeline/dagRuns/manual__2024-12-13T14:58:11.753084+00:00/taskInstances/train_and_predict/dependencies HTTP/1.1" 200 472 "http://localhost:8080/dags/pipeline/grid?dag_run_id=manual__2024-12-13T14%3A58%3A11.753084%2B00%3A00&tab=details&task_id=train_and_predict" "Mozilla/5.0 (Macintosh; Intel Mac OS X 10_15_7) AppleWebKit/537.36 (KHTML, like Gecko) Chrome/126.0.0.0 YaBrowser/24.7.0.0 Safari/537.36"
airflow-webserver-1  | 172.18.0.1 - - [13/Dec/2024:14:58:18 +0000] "GET /object/grid_data?dag_id=pipeline&num_runs=25 HTTP/1.1" 200 40576 "http://localhost:8080/dags/pipeline/grid?dag_run_id=manual__2024-12-13T14%3A58%3A11.753084%2B00%3A00&tab=details&task_id=train_and_predict" "Mozilla/5.0 (Macintosh; Intel Mac OS X 10_15_7) AppleWebKit/537.36 (KHTML, like Gecko) Chrome/126.0.0.0 YaBrowser/24.7.0.0 Safari/537.36"
airflow-webserver-1  | 172.18.0.1 - - [13/Dec/2024:14:58:18 +0000] "GET /api/v1/dags/pipeline/dagRuns/manual__2024-12-13T14:58:11.753084+00:00/taskInstances/train_and_predict HTTP/1.1" 200 742 "http://localhost:8080/dags/pipeline/grid?dag_run_id=manual__2024-12-13T14%3A58%3A11.753084%2B00%3A00&tab=details&task_id=train_and_predict" "Mozilla/5.0 (Macintosh; Intel Mac OS X 10_15_7) AppleWebKit/537.36 (KHTML, like Gecko) Chrome/126.0.0.0 YaBrowser/24.7.0.0 Safari/537.36"
spark-master-1       | 24/12/13 13:33:57 INFO Master: Removing app app-20241213133353-0000
airflow-worker-1     | [2024-12-13 14:42:16,802: DEBUG/ForkPoolWorker-15] Importing /home/airflow/.local/lib/python3.12/site-packages/airflow/example_dags/example_dynamic_task_mapping_with_no_taskflow_operators.py
airflow-worker-1     | [2024-12-13 14:42:16,803: DEBUG/ForkPoolWorker-15] Loaded DAG <DAG: example_dynamic_task_mapping_with_no_taskflow_operators>
airflow-worker-1     | [2024-12-13 14:42:16,804: DEBUG/ForkPoolWorker-15] Importing /home/airflow/.local/lib/python3.12/site-packages/airflow/example_dags/example_bash_operator.py
airflow-worker-1     | [2024-12-13 14:42:16,804: DEBUG/ForkPoolWorker-15] Failed to find locale C
airflow-worker-1     | [2024-12-13 14:42:16,804: DEBUG/ForkPoolWorker-15] Attempting to load en_US as fallback
airflow-worker-1     | [2024-12-13 14:42:16,804: DEBUG/ForkPoolWorker-15] /home/airflow/.local/lib/python3.12/site-packages/cron_descriptor/locale/en_US.mo Loaded
airflow-worker-1     | [2024-12-13 14:42:16,806: DEBUG/ForkPoolWorker-15] Loaded DAG <DAG: example_bash_operator>
airflow-worker-1     | [2024-12-13 14:42:16,806: DEBUG/ForkPoolWorker-15] Loaded DAG <DAG: example_bash_operator>
airflow-worker-1     | [2024-12-13 14:42:16,806: DEBUG/ForkPoolWorker-15] Importing /home/airflow/.local/lib/python3.12/site-packages/airflow/example_dags/example_branch_operator.py
airflow-worker-1     | [2024-12-13 14:42:16,806: DEBUG/ForkPoolWorker-15] Failed to find locale C
airflow-webserver-1  | 172.18.0.1 - - [13/Dec/2024:14:58:20 +0000] "GET /api/v1/dags/pipeline/dagRuns/manual__2024-12-13T14:58:11.753084+00:00/taskInstances/train_and_predict/dependencies HTTP/1.1" 200 472 "http://localhost:8080/dags/pipeline/grid?dag_run_id=manual__2024-12-13T14%3A58%3A11.753084%2B00%3A00&tab=details&task_id=train_and_predict" "Mozilla/5.0 (Macintosh; Intel Mac OS X 10_15_7) AppleWebKit/537.36 (KHTML, like Gecko) Chrome/126.0.0.0 YaBrowser/24.7.0.0 Safari/537.36"
airflow-webserver-1  | 172.18.0.1 - - [13/Dec/2024:14:58:21 +0000] "GET /object/grid_data?dag_id=pipeline&num_runs=25 HTTP/1.1" 200 40634 "http://localhost:8080/dags/pipeline/grid?dag_run_id=manual__2024-12-13T14%3A58%3A11.753084%2B00%3A00&tab=details&task_id=train_and_predict" "Mozilla/5.0 (Macintosh; Intel Mac OS X 10_15_7) AppleWebKit/537.36 (KHTML, like Gecko) Chrome/126.0.0.0 YaBrowser/24.7.0.0 Safari/537.36"
spark-worker-1-1     | 24/12/13 13:23:04 INFO ExternalShuffleBlockResolver: Application app-20241213132300-0000 removed, cleanupLocalDirs = true
spark-worker-1-1     | 24/12/13 13:23:04 INFO Worker: Cleaning up local directories for application app-20241213132300-0000
spark-worker-1-1     | [38;5;6mspark [38;5;5m13:33:04.99 [0m[38;5;2mINFO [0m ==> 
spark-worker-2-1     | 24/12/13 13:33:09 INFO Worker: Successfully registered with master spark://f9573584fb53:7077
spark-worker-2-1     | 24/12/13 13:33:53 INFO Worker: Asked to launch executor app-20241213133353-0000/1 for MyAwesomeSpark
airflow-webserver-1  | 172.18.0.1 - - [13/Dec/2024:14:58:21 +0000] "GET /api/v1/dags/pipeline/dagRuns/manual__2024-12-13T14:58:11.753084+00:00/taskInstances/train_and_predict HTTP/1.1" 200 742 "http://localhost:8080/dags/pipeline/grid?dag_run_id=manual__2024-12-13T14%3A58%3A11.753084%2B00%3A00&tab=details&task_id=train_and_predict" "Mozilla/5.0 (Macintosh; Intel Mac OS X 10_15_7) AppleWebKit/537.36 (KHTML, like Gecko) Chrome/126.0.0.0 YaBrowser/24.7.0.0 Safari/537.36"
airflow-webserver-1  | 172.18.0.1 - - [13/Dec/2024:14:58:23 +0000] "GET /api/v1/dags/pipeline/dagRuns/manual__2024-12-13T14:58:11.753084+00:00/taskInstances/train_and_predict/dependencies HTTP/1.1" 200 472 "http://localhost:8080/dags/pipeline/grid?dag_run_id=manual__2024-12-13T14%3A58%3A11.753084%2B00%3A00&tab=details&task_id=train_and_predict" "Mozilla/5.0 (Macintosh; Intel Mac OS X 10_15_7) AppleWebKit/537.36 (KHTML, like Gecko) Chrome/126.0.0.0 YaBrowser/24.7.0.0 Safari/537.36"
spark-worker-1-1     | [38;5;6mspark [38;5;5m13:33:04.99 [0m[38;5;2mINFO [0m ==> [1mWelcome to the Bitnami spark container[0m
spark-worker-1-1     | [38;5;6mspark [38;5;5m13:33:04.99 [0m[38;5;2mINFO [0m ==> Subscribe to project updates by watching [1mhttps://github.com/bitnami/containers[0m
spark-worker-1-1     | [38;5;6mspark [38;5;5m13:33:04.99 [0m[38;5;2mINFO [0m ==> Submit issues and feature requests at [1mhttps://github.com/bitnami/containers/issues[0m
airflow-worker-1     | [2024-12-13 14:42:16,806: DEBUG/ForkPoolWorker-15] Attempting to load en_US as fallback
airflow-worker-1     | [2024-12-13 14:42:16,806: DEBUG/ForkPoolWorker-15] /home/airflow/.local/lib/python3.12/site-packages/cron_descriptor/locale/en_US.mo Loaded
airflow-webserver-1  | 172.18.0.1 - - [13/Dec/2024:14:58:24 +0000] "GET /object/grid_data?dag_id=pipeline&num_runs=25 HTTP/1.1" 200 40793 "http://localhost:8080/dags/pipeline/grid?dag_run_id=manual__2024-12-13T14%3A58%3A11.753084%2B00%3A00&tab=details&task_id=train_and_predict" "Mozilla/5.0 (Macintosh; Intel Mac OS X 10_15_7) AppleWebKit/537.36 (KHTML, like Gecko) Chrome/126.0.0.0 YaBrowser/24.7.0.0 Safari/537.36"
airflow-webserver-1  | 172.18.0.1 - - [13/Dec/2024:14:58:24 +0000] "GET /api/v1/dags/pipeline/dagRuns/manual__2024-12-13T14:58:11.753084+00:00/taskInstances/train_and_predict HTTP/1.1" 200 776 "http://localhost:8080/dags/pipeline/grid?dag_run_id=manual__2024-12-13T14%3A58%3A11.753084%2B00%3A00&tab=details&task_id=train_and_predict" "Mozilla/5.0 (Macintosh; Intel Mac OS X 10_15_7) AppleWebKit/537.36 (KHTML, like Gecko) Chrome/126.0.0.0 YaBrowser/24.7.0.0 Safari/537.36"
airflow-webserver-1  | 172.18.0.1 - - [13/Dec/2024:14:58:27 +0000] "GET /api/v1/dags/pipeline/dagRuns/manual__2024-12-13T14:58:11.753084+00:00/taskInstances/train_and_predict HTTP/1.1" 200 887 "http://localhost:8080/dags/pipeline/grid?dag_run_id=manual__2024-12-13T14%3A58%3A11.753084%2B00%3A00&tab=details&task_id=train_and_predict" "Mozilla/5.0 (Macintosh; Intel Mac OS X 10_15_7) AppleWebKit/537.36 (KHTML, like Gecko) Chrome/126.0.0.0 YaBrowser/24.7.0.0 Safari/537.36"
spark-worker-3-1     | 24/12/13 13:07:19 INFO ResourceUtils: ==============================================================
spark-worker-3-1     | 24/12/13 13:07:19 INFO JettyUtils: Start Jetty 0.0.0.0:8081 for WorkerUI
spark-worker-3-1     | 24/12/13 13:07:19 INFO Utils: Successfully started service 'WorkerUI' on port 8081.
spark-master-1       | 24/12/13 13:33:57 INFO Master: 172.18.0.10:46358 got disassociated, removing it.
spark-master-1       | 24/12/13 13:33:57 INFO Master: e538db3bcc6c:41103 got disassociated, removing it.
spark-master-1       | 24/12/13 13:33:57 WARN Master: Got status update for unknown executor app-20241213133353-0000/2
spark-master-1       | 24/12/13 13:33:57 WARN Master: Got status update for unknown executor app-20241213133353-0000/0
spark-master-1       | 24/12/13 13:33:57 WARN Master: Got status update for unknown executor app-20241213133353-0000/1
spark-master-1       | 24/12/13 13:37:14 INFO Master: 172.18.0.7:54124 got disassociated, removing it.
spark-master-1       | 24/12/13 13:37:14 INFO Master: 172.18.0.6:55192 got disassociated, removing it.
spark-master-1       | 24/12/13 13:37:14 INFO Master: 172.18.0.7:41621 got disassociated, removing it.
spark-master-1       | 24/12/13 13:37:14 INFO Master: Removing worker worker-20241213133308-172.18.0.7-41621 on 172.18.0.7:41621
spark-master-1       | 24/12/13 13:37:14 INFO Master: Telling app of lost worker: worker-20241213133308-172.18.0.7-41621
spark-worker-3-1     | 24/12/13 13:07:19 INFO WorkerWebUI: Bound WorkerWebUI to 0.0.0.0, and started at http://ed56f9ca93ac:8081
spark-worker-3-1     | 24/12/13 13:07:19 INFO Worker: Connecting to master spark-master:7077...
spark-worker-3-1     | 24/12/13 13:07:19 INFO TransportClientFactory: Successfully created connection to spark-master/172.18.0.2:7077 after 41 ms (0 ms spent in bootstraps)
